
> temp-app@0.1.0 build
> next build

Γû▓ Next.js 16.1.1 (Turbopack)
- Environments: .env.local

  Creating an optimized production build ...
Γ£ô Compiled successfully in 18.4s
  Running TypeScript ...
  Collecting page data using 11 workers ...
  Generating static pages using 11 workers (0/15) ...
  Generating static pages using 11 workers (3/15) 
  Generating static pages using 11 workers (7/15) 
  Generating static pages using 11 workers (11/15) 
Γ£ô Generating static pages using 11 workers (15/15) in 823.8ms
  Finalizing page optimization ...

Route (app)
Γöî Γùï /
Γö£ Γùï /_not-found
Γö£ Γùï /admin
Γö£ Γùï /admin/grounds/new
Γö£ ╞Æ /admin/matches/[id]/score
Γö£ Γùï /admin/matches/new
Γö£ Γùï /admin/teams
Γö£ Γùï /admin/tournaments/new
Γö£ Γùï /grounds
Γö£ Γùï /login
Γö£ ╞Æ /matches/[id]
Γö£ Γùï /schedule
Γö£ Γùï /teams
Γö£ ╞Æ /teams/[id]
Γö£ Γùï /teams/register
Γöö Γùï /tournament


Γùï  (Static)   prerendered as static content
╞Æ  (Dynamic)  server-rendered on demand

